// Jest Snapshot v1, https://goo.gl/fbAQLP

exports[`should render the header 1`] = `
<div>
  <div
    class="headerContainer"
  >
    <a
      aria-current="page"
      class="header active"
      href="/"
    >
      Home
    </a>
     
    <a
      class="header"
      href="/teams"
    >
      Teams
    </a>
     
    <a
      class="header"
      href="/players"
    >
      Players
    </a>
  </div>
</div>
`;
