// Jest Snapshot v1, https://goo.gl/fbAQLP

exports[`should render out a team detail component 1`] = `
<div>
  <h1
    class="detailHeader"
  >
    My Team
  </h1>
  <h3
    class="detailHeader"
  >
    Location: 
    Portland
    , 
    Or
  </h3>
  <a
    href="/teams/edit/1"
  >
    Edit My Team
  </a>
  <h1
    class="detailHeader"
  >
    Players:
  </h1>
  <div
    class="playerDetail"
  />
</div>
`;
