// Jest Snapshot v1, https://goo.gl/fbAQLP

exports[`should render out a team list component 1`] = `
<div>
  <h1
    class="detailHeader"
  >
    Teams:
  </h1>
  <a
    class="newTeamLink"
    href="/teams/new"
  >
    Add New Team
  </a>
  <ul>
    <div
      class="teamListContainer"
    >
      <a
        href="/teams/1"
      >
        <li>
          Bridge City Sneakers
        </li>
      </a>
      <button
        class="deleteButton"
        type="button"
      >
        Delete Bridge City Sneakers
      </button>
      <a
        class="editTeam"
        href="/teams/edit/1"
      >
        Edit Team
      </a>
    </div>
    <div
      class="teamListContainer"
    >
      <a
        href="/teams/15"
      >
        <li>
          Jail Blazers
        </li>
      </a>
      <button
        class="deleteButton"
        type="button"
      >
        Delete Jail Blazers
      </button>
      <a
        class="editTeam"
        href="/teams/edit/15"
      >
        Edit Team
      </a>
    </div>
    <div
      class="teamListContainer"
    >
      <a
        href="/teams/17"
      >
        <li>
          Peter Pipers
        </li>
      </a>
      <button
        class="deleteButton"
        type="button"
      >
        Delete Peter Pipers
      </button>
      <a
        class="editTeam"
        href="/teams/edit/17"
      >
        Edit Team
      </a>
    </div>
  </ul>
</div>
`;
